DELL@DESKTOP-P2QDR63 MINGW64 /c/Pythonseleniumautomation/gitrepo
$ git clone https://github.com/ChakriSiragam/pythonseleniumcode.git
Cloning into 'pythonseleniumcode'...
warning: You appear to have cloned an empty repository.

DELL@DESKTOP-P2QDR63 MINGW64 /c/Pythonseleniumautomation/gitrepo
$ cd pythonseleniumcode

DELL@DESKTOP-P2QDR63 MINGW64 /c/Pythonseleniumautomation/gitrepo/pythonseleniumcode (main)
$ git status
On branch main

No commits yet

Untracked files:
  (use "git add <file>..." to include in what will be committed)
        hello.txt
        pythonvariable.py

nothing added to commit but untracked files present (use "git add" to track)

DELL@DESKTOP-P2QDR63 MINGW64 /c/Pythonseleniumautomation/gitrepo/pythonseleniumcode (main)
$ ^C

DELL@DESKTOP-P2QDR63 MINGW64 /c/Pythonseleniumautomation/gitrepo/pythonseleniumcode (main)
$ git add .

DELL@DESKTOP-P2QDR63 MINGW64 /c/Pythonseleniumautomation/gitrepo/pythonseleniumcode (main)
$ git status
On branch main

No commits yet

Changes to be committed:
  (use "git rm --cached <file>..." to unstage)
        new file:   hello.txt
        new file:   pythonvariable.py


DELL@DESKTOP-P2QDR63 MINGW64 /c/Pythonseleniumautomation/gitrepo/pythonseleniumcode (main)
$ gid status
bash: gid: command not found

DELL@DESKTOP-P2QDR63 MINGW64 /c/Pythonseleniumautomation/gitrepo/pythonseleniumcode (main)
$ git status
On branch main

No commits yet

Changes to be committed:
  (use "git rm --cached <file>..." to unstage)
        new file:   hello.txt
        new file:   pythonvariable.py

Untracked files:
  (use "git add <file>..." to include in what will be committed)
        jsp.txt


DELL@DESKTOP-P2QDR63 MINGW64 /c/Pythonseleniumautomation/gitrepo/pythonseleniumcode (main)
$ git add .

DELL@DESKTOP-P2QDR63 MINGW64 /c/Pythonseleniumautomation/gitrepo/pythonseleniumcode (main)
$ git status
On branch main

No commits yet

Changes to be committed:
  (use "git rm --cached <file>..." to unstage)
        new file:   hello.txt
        new file:   jsp.txt
        new file:   pythonvariable.py


DELL@DESKTOP-P2QDR63 MINGW64 /c/Pythonseleniumautomation/gitrepo/pythonseleniumcode (main)
$ git commit -m "adding first to repo"
Author identity unknown

*** Please tell me who you are.

Run

  git config --global user.email "you@example.com"
  git config --global user.name "Your Name"

to set your account's default identity.
Omit --global to set the identity only in this repository.

fatal: unable to auto-detect email address (got 'DELL@DESKTOP-P2QDR63.(none)')

DELL@DESKTOP-P2QDR63 MINGW64 /c/Pythonseleniumautomation/gitrepo/pythonseleniumcode (main)
$ git config --global user.email "chakrisiragam66@gmail.com"
  git config --global user.name "ChakriSiragam"

DELL@DESKTOP-P2QDR63 MINGW64 /c/Pythonseleniumautomation/gitrepo/pythonseleniumcode (main)
$ git commit -m "adding first files to repo"
[main (root-commit) 8aa5515] adding first files to repo
 3 files changed, 68 insertions(+)
 create mode 100644 hello.txt
 create mode 100644 jsp.txt
 create mode 100644 pythonvariable.py

DELL@DESKTOP-P2QDR63 MINGW64 /c/Pythonseleniumautomation/gitrepo/pythonseleniumcode (main)
$ git push
Enumerating objects: 5, done.
Counting objects: 100% (5/5), done.
Delta compression using up to 4 threads
Compressing objects: 100% (3/3), done.
Writing objects: 100% (5/5), 745 bytes | 745.00 KiB/s, done.
Total 5 (delta 0), reused 0 (delta 0), pack-reused 0
To https://github.com/ChakriSiragam/pythonseleniumcode.git
 * [new branch]      main -> main
